 ++ Running A502, version: i00
 version id = ht2 (12 feb 92) boeing ver i00  
  real length, integer length, ratio:    8   4   2
 initialz   cpu time:     0.016
 input      cpu time:     0.078
 init       cpu time:     0.078
 geometry   cpu time:     0.250
 singular   cpu time:     0.422
 cntrl pt   cpu time:     0.578
 bndy cnd   cpu time:     0.641
 ffgen      cpu time:     0.719
 TIMING SUMMARY: vin,krn,phi,vel,vsp,near-    1.109375    0.859375    3.281250    0.000000    0.000000    4.968750
 TIMING SUMMARY: setup,pic-s,block,assy-    0.234375   11.671875    0.890625    1.500000
 closms on unit 68   header record:   24001      48       1      47
 closms on unit  4   header record:   24002  249332  249285      47
  ft04 (pic file) done.  index lth-24001  cp count- 6272  nwv recd- 6273 
 pic cost   cpu time:    15.125
 closms on unit 20   header record:     242    5848    5847       1
 closms on unit 19   header record:     578  133684  133682       2
 closms on unit  4   header record:   24002  249332  249285      47
 aic cost   cpu time:    16.859
 closms on unit 19   header record:     578  133685  133682       2
  ft19 (l*u) done.  nhdat:      0 250000   5840      2    249     25     
 1-st factor done
 closms on unit 19   header record:     578  133685  133682       2
 closms on unit 28   header record:      25      49      48       1
 1-st solve done
  direct solution, no iteration performed                                
  ft09 (singularity file) complete                                       
 mtrxsoln   cpu time:    59.016
 pppdq      cpu time:    59.125
 closms on unit 49   header record:     751     953     951       2
 closms on unit  4   header record:   24002  249332  249285      47
 output     cpu time:    62.953
 soffbd     cpu time:    63.328
 closms on unit 24   header record:     202     635     634       1
 closms on unit 26   header record:     302     124     123       1
 closms on unit  2   header record:   18001   10343   10307      36
