 ++ Running A502, version: i00
 version id = ht2 (12 feb 92) boeing ver i00  
  real length, integer length, ratio:    8   4   2
 initialz   cpu time:     0.016
 input      cpu time:     0.047
 init       cpu time:     0.047
 ixtrns called with lth.le.0, irec:    63     0
 ixtrns called with lth.le.0, irec:    64     0
 geometry   cpu time:     0.125
 singular   cpu time:     0.219
 cntrl pt   cpu time:     0.297
 bndy cnd   cpu time:     0.328
 ffgen      cpu time:     0.375
 TIMING SUMMARY: vin,krn,phi,vel,vsp,near-    0.515625    0.312500    0.953125    0.000000    0.000000    1.625000
 TIMING SUMMARY: setup,pic-s,block,assy-    0.109375    3.937500    0.375000    0.671875
 closms on unit 68   header record:   24001      48       1      47
 closms on unit  4   header record:   24002   93989   93942      47
  ft04 (pic file) done.  index lth-24001  cp count- 3597  nwv recd- 3598 
 pic cost   cpu time:     5.469
 closms on unit 20   header record:      86    3412    3411       1
 closms on unit 19   header record:     198   47448   47447       1
 closms on unit  4   header record:   24002   93989   93942      47
 aic cost   cpu time:     6.016
 closms on unit 19   header record:     198   47449   47447       1
  ft19 (l*u) done.  nhdat:      0 250000   3479      2    249     43     
 1-st factor done
 closms on unit 19   header record:     198   47449   47447       1
 closms on unit 28   header record:      15      30      29       1
 1-st solve done
  direct solution, no iteration performed                                
  ft09 (singularity file) complete                                       
 mtrxsoln   cpu time:    13.469
 pppdq      cpu time:    13.531
 closms on unit 49   header record:     751     567     565       2
 closms on unit  4   header record:   24002   93989   93942      47
 output     cpu time:    15.562
 soffbd     cpu time:    15.766
 closms on unit 24   header record:     202     397     396       1
 closms on unit 26   header record:     302      71      70       1
 closms on unit  2   header record:   18001    6535    6499      36
